<html>
<body>
<pre>
<h1>µVision Build Log</h1>
<h2>Tool Versions:</h2>
IDE-Version: µVision V5.29.0.0
Copyright (C) 2019 ARM Ltd and ARM Germany GmbH. All rights reserved.
License Information: EIU eiu.lab@outlook.com, EIU, LIC=----
 
Tool Versions:
Toolchain:       MDK-Lite  Version: 5.29.0.0
Toolchain Path:  C:\Keil_v5\ARM\ARMCC\Bin
C Compiler:      Armcc.exe V5.06 update 6 (build 750)
Assembler:       Armasm.exe V5.06 update 6 (build 750)
Linker/Locator:  ArmLink.exe V5.06 update 6 (build 750)
Library Manager: ArmAr.exe V5.06 update 6 (build 750)
Hex Converter:   FromElf.exe V5.06 update 6 (build 750)
CPU DLL:         SARMCM3.DLL V5.29.0.0
Dialog DLL:      DCM.DLL V1.17.3.0
Target DLL:      STLink\ST-LINKIII-KEIL_SWO.dll V3.0.7.0
Dialog DLL:      TCM.DLL V1.36.5.0
 
<h2>Project:</h2>
D:\ETE_K2025_LuuGiaNghi\STM32\BUTTON\MDK-ARM\BUTTON.uvprojx
Project File Date:  05/07/2026

<h2>Output:</h2>
*** Using Compiler 'V5.06 update 6 (build 750)', folder: 'C:\Keil_v5\ARM\ARMCC\Bin'
Build target 'BUTTON'
compiling button.c...
..\SourceCode\button.h(23): warning:  #1-D: last line of file ends without a newline
  #endif
..\SourceCode\button.c(9): warning:  #177-D: variable "btn_filter"  was declared but never referenced
  	uint8_t btn_filter = 1;
..\SourceCode\button.c(10): warning:  #177-D: variable "is_debouncing"  was declared but never referenced
  	uint8_t is_debouncing = 0; // flag
..\SourceCode\button.c(55): warning:  #1-D: last line of file ends without a newline
  }
..\SourceCode\button.c: 4 warnings, 0 errors
linking...
Program Size: Code=3812 RO-data=488 RW-data=20 ZI-data=1652  
FromELF: creating hex file...
"BUTTON\BUTTON.axf" - 0 Error(s), 4 Warning(s).

<h2>Software Packages used:</h2>

Package Vendor: ARM
                https://www.keil.com/pack/ARM.CMSIS.6.1.0.pack
                ARM.CMSIS.6.1.0
                CMSIS (Common Microcontroller Software Interface Standard)
   * Component: CORE Version: 6.1.0

Package Vendor: Keil
                https://www.keil.com/pack/Keil.STM32L4xx_DFP.3.1.0.pack
                Keil.STM32L4xx_DFP.3.1.0
                STMicroelectronics STM32L4 Series Device Support

<h2>Collection of Component include folders:</h2>
  .\RTE\_BUTTON
  C:\Users\CNTT\AppData\Local\Arm\Packs\ARM\CMSIS\6.1.0\CMSIS\Core\Include

<h2>Collection of Component Files used:</h2>

   * Component: ARM::CMSIS:CORE:6.1.0
      Include file:  CMSIS\Core\Include\tz_context.h
Build Time Elapsed:  00:00:02
</pre>
</body>
</html>
